   Γû▓ Next.js 15.5.14

   Creating an optimized production build ...
 Γ£ô Compiled successfully in 2.2s
   Linting and checking validity of types ...
node.exe :  Γ¿» ESLint: Key 
"rules": Key "@typescript-esli
nt/no-unused-vars": Could not 
find plugin 
"@typescript-eslint" in 
configuration.
At line:1 char:1
+ & "C:\Program 
Files\nodejs/node.exe" 
"C:\Program 
Files\nodejs/node_mo ...
+ ~~~~~~~~~~~~~~~~~~~~~~~~~~~~
~~~~~~~~~~~~~~~~~~~~~~~~~~~~~~
~~~~~~~~~~~
    + CategoryInfo          : 
    NotSpecified: ( Γ¿» ESLi  
  nt: Ke... configuration.:   
 String) [], RemoteExcepti    
on
    + FullyQualifiedErrorId : 
    NativeCommandError
 
Failed to compile.

./src/app/page.tsx:12:30
Type error: Cannot find 
module 'uuid' or its 
corresponding type 
declarations.

[0m [90m 10 |[39m 
[36mimport[39m { 
[33mSkeletonList[39m } 
[36mfrom[39m [32m"../compon
ents/Skeleton"[39m[33m;[39m
 [90m 11 |[39m 
[36mimport[39m { [33mCheckC
ircle2[39m[33m,[39m 
[33mRotateCcw[39m } 
[36mfrom[39m [32m"lucide-re
act"[39m[33m;[39m
[31m[1m>[22m[39m[90m 12 
|[39m [36mimport[39m { v4 
[36mas[39m uuidv4 } 
[36mfrom[39m 
[32m'uuid'[39m[33m;[39m 
[90m// Fallback to 
crypto.randomUUID[39m
 [90m    |[39m              
                
[31m[1m^[22m[39m
 [90m 13 |[39m
 [90m 14 |[39m 
[36mexport[39m 
[36mdefault[39m 
[36mfunction[39m 
[33mHomePage[39m() {
 [90m 15 |[39m   
[36mconst[39m { user } 
[33m=[39m 
useAuth()[33m;[39m[0m
Next.js build worker exited 
with code: 1 and signal: null
